.\gradlew.bat : 
所在位置 行:1 字符: 92
+ ... esignWork'; .\gradlew.bat clean build --console=plain > build-output. ...
+                 ~~~~~~~~~~~~~~~~~~~~~~~~~~~~~~~~~~~~~~~~~~~~~~~~~~~~~~~~~
    + CategoryInfo          : NotSpecified: (:String) [], RemoteException
    + FullyQualifiedErrorId : NativeCommandError
 
FAILURE: Build failed with an exception.

* Where:
Build file 'D:\Programming&Labs\Mobile_application_development\DesignWork\app\b
uild.gradle.kts' line: 3

* What went wrong:
An exception occurred applying plugin request [id: 'org.jetbrains.kotlin.kapt']
> Failed to apply plugin 'org.jetbrains.kotlin.kapt'.
   > The 'org.jetbrains.kotlin.kapt' plugin is not compatible with built-in Kot
lin support.
     Solution:
       - [Recommended] Migrate this project to built-in Kotlin (https://develop
er.android.com/r/tools/built-in-kotlin).
       - Or set the Gradle property 'android.builtInKotlin=false' and 'android.
newDsl=false' to temporarily bypass this issue.

* Try:
> Run with --stacktrace option to get the stack trace.
> Run with --info or --debug option to get more log output.
> Run with --scan to get full insights from a Build Scan (powered by Develocity
).
> Get more help at https://help.gradle.org.

BUILD FAILED in 2s
